// Jest Snapshot v1, https://goo.gl/fbAQLP

exports[`App есть корректный снимок 1`] = `
<div
  className="container"
>
  <div
    className="row"
  >
    <div
      className="col-6"
    >
      <div
        className="mb-3"
      >
        <div
          className="form-check"
        >
          <input
            checked={true}
            className="form-check-input"
            disabled={false}
            id="m"
            name="genre"
            onChange={[Function]}
            type="radio"
            value="m"
          />
          <label
            className="form-check-label"
            htmlFor="m"
            title=""
          >
            Мужчина
          </label>
        </div>
        <div
          className="form-check"
        >
          <input
            checked={false}
            className="form-check-input"
            disabled={false}
            id="w"
            name="genre"
            onChange={[Function]}
            type="radio"
            value="w"
          />
          <label
            className="form-check-label"
            htmlFor="w"
            title=""
          >
            Женщина
          </label>
        </div>
      </div>
      <div
        className="form-group"
      >
        <label
          className="font-weight-bold small mb-1 form-label"
          htmlFor="formTest"
        >
          Возраст, 
          <small
            className="text-muted mb-1"
          >
            лет
          </small>
        </label>
        <input
          className="form-control"
          id="formTest"
          onChange={[Function]}
          placeholder=""
          type="text"
          value=""
        />
      </div>
      <div
        className="form-group"
      >
        <label
          className="font-weight-bold small mb-1 form-label"
          htmlFor="formTest"
        >
          Рост, 
          <small
            className="text-muted mb-1"
          >
            см
          </small>
        </label>
        <input
          className="form-control"
          id="formTest"
          onChange={[Function]}
          placeholder=""
          type="text"
          value=""
        />
      </div>
      <div
        className="form-group"
      >
        <label
          className="font-weight-bold small mb-1 form-label"
          htmlFor="formTest"
        >
          Вес, 
          <small
            className="text-muted mb-1"
          >
            кг
          </small>
        </label>
        <input
          className="form-control"
          id="formTest"
          onChange={[Function]}
          placeholder=""
          type="text"
          value=""
        />
      </div>
      <h3>
        ИМТ - 
        0.00
      </h3>
    </div>
    <div
      className="p-4 col-xl-6"
    >
      <div
        className="d-flex align-items-center justify-content-end"
      >
        <div
          className="btn-group btn-group-sm"
          role="group"
        >
          <button
            className="btn btn-warning"
            disabled="disabled"
            type="button"
          >
            см
          </button>
          <button
            className="btn btn-warning"
            disabled={false}
            onClick={[Function]}
            type="button"
          >
            футы
          </button>
        </div>
        <div
          className="px-2"
        />
        <div
          className="btn-group btn-group-sm"
          role="group"
        >
          <button
            className="btn btn-info"
            disabled="disabled"
            type="button"
          >
            кг
          </button>
          <button
            className="btn btn-info"
            disabled={false}
            onClick={[Function]}
            type="button"
          >
            фунты
          </button>
        </div>
      </div>
    </div>
  </div>
</div>
`;
